[
  {
    "point": {
      "x": 171.5,
      "y": 118.5
    },
    "width": 2,
    "height": 2,
    "area": 4
  },
  {
    "point": {
      "x": 231.5,
      "y": 118.5
    },
    "width": 2,
    "height": 2,
    "area": 4
  },
  {
    "point": {
      "x": 172.5,
      "y": 168.5
    },
    "width": 2,
    "height": 2,
    "area": 4
  },
  {
    "point": {
      "x": 231.0,
      "y": 168.5
    },
    "width": 3,
    "height": 2,
    "area": 6
  }
]
