[
  {
    "point": {
      "x": 284.5,
      "y": 16.0
    },
    "width": 2,
    "height": 3,
    "area": 6
  },
  {
    "point": {
      "x": 414.5,
      "y": 15.5
    },
    "width": 2,
    "height": 2,
    "area": 4
  },
  {
    "point": {
      "x": 157.5,
      "y": 16.5
    },
    "width": 2,
    "height": 2,
    "area": 4
  },
  {
    "point": {
      "x": 228.5,
      "y": 18.5
    },
    "width": 2,
    "height": 2,
    "area": 4
  },
  {
    "point": {
      "x": 340.5,
      "y": 18.5
    },
    "width": 2,
    "height": 2,
    "area": 4
  },
  {
    "point": {
      "x": 289.5,
      "y": 42.5
    },
    "width": 2,
    "height": 2,
    "area": 4
  },
  {
    "point": {
      "x": 337.5,
      "y": 43.5
    },
    "width": 2,
    "height": 2,
    "area": 4
  },
  {
    "point": {
      "x": 230.5,
      "y": 44.5
    },
    "width": 2,
    "height": 2,
    "area": 4
  },
  {
    "point": {
      "x": 414.5,
      "y": 44.5
    },
    "width": 2,
    "height": 2,
    "area": 4
  },
  {
    "point": {
      "x": 162.5,
      "y": 46.5
    },
    "width": 2,
    "height": 2,
    "area": 4
  },
  {
    "point": {
      "x": 288.5,
      "y": 61.5
    },
    "width": 2,
    "height": 2,
    "area": 4
  },
  {
    "point": {
      "x": 332.5,
      "y": 64.5
    },
    "width": 2,
    "height": 2,
    "area": 4
  },
  {
    "point": {
      "x": 229.5,
      "y": 65.5
    },
    "width": 2,
    "height": 2,
    "area": 4
  },
  {
    "point": {
      "x": 164.5,
      "y": 68.5
    },
    "width": 2,
    "height": 2,
    "area": 4
  },
  {
    "point": {
      "x": 417.5,
      "y": 68.5
    },
    "width": 2,
    "height": 2,
    "area": 4
  },
  {
    "point": {
      "x": 287.5,
      "y": 84.5
    },
    "width": 2,
    "height": 2,
    "area": 4
  },
  {
    "point": {
      "x": 232.5,
      "y": 89.5
    },
    "width": 2,
    "height": 2,
    "area": 4
  },
  {
    "point": {
      "x": 168.5,
      "y": 90.5
    },
    "width": 2,
    "height": 2,
    "area": 4
  },
  {
    "point": {
      "x": 332.5,
      "y": 92.5
    },
    "width": 2,
    "height": 2,
    "area": 4
  },
  {
    "point": {
      "x": 415.5,
      "y": 94.5
    },
    "width": 2,
    "height": 2,
    "area": 4
  },
  {
    "point": {
      "x": 416.0,
      "y": 117.0
    },
    "width": 3,
    "height": 3,
    "area": 7
  },
  {
    "point": {
      "x": 171.5,
      "y": 118.5
    },
    "width": 2,
    "height": 2,
    "area": 4
  },
  {
    "point": {
      "x": 231.5,
      "y": 118.5
    },
    "width": 2,
    "height": 2,
    "area": 4
  },
  {
    "point": {
      "x": 287.5,
      "y": 118.5
    },
    "width": 2,
    "height": 2,
    "area": 4
  },
  {
    "point": {
      "x": 332.5,
      "y": 118.5
    },
    "width": 2,
    "height": 2,
    "area": 4
  },
  {
    "point": {
      "x": 345.5,
      "y": 165.5
    },
    "width": 2,
    "height": 2,
    "area": 4
  },
  {
    "point": {
      "x": 421.5,
      "y": 165.5
    },
    "width": 2,
    "height": 2,
    "area": 4
  },
  {
    "point": {
      "x": 172.5,
      "y": 168.5
    },
    "width": 2,
    "height": 2,
    "area": 4
  },
  {
    "point": {
      "x": 231.0,
      "y": 168.5
    },
    "width": 3,
    "height": 2,
    "area": 6
  },
  {
    "point": {
      "x": 288.5,
      "y": 168.5
    },
    "width": 2,
    "height": 2,
    "area": 4
  },
  {
    "point": {
      "x": 287.5,
      "y": 215.5
    },
    "width": 2,
    "height": 2,
    "area": 4
  },
  {
    "point": {
      "x": 339.5,
      "y": 215.5
    },
    "width": 2,
    "height": 2,
    "area": 4
  },
  {
    "point": {
      "x": 415.5,
      "y": 215.5
    },
    "width": 2,
    "height": 2,
    "area": 4
  },
  {
    "point": {
      "x": 231.66666666666666,
      "y": 220.33333333333334
    },
    "width": 2,
    "height": 2,
    "area": 3
  },
  {
    "point": {
      "x": 169.33333333333334,
      "y": 221.66666666666666
    },
    "width": 2,
    "height": 2,
    "area": 3
  },
  {
    "point": {
      "x": 171.33333333333334,
      "y": 286.6666666666667
    },
    "width": 2,
    "height": 2,
    "area": 3
  },
  {
    "point": {
      "x": 231.66666666666666,
      "y": 288.3333333333333
    },
    "width": 2,
    "height": 2,
    "area": 3
  },
  {
    "point": {
      "x": 292.5,
      "y": 288.5
    },
    "width": 2,
    "height": 2,
    "area": 4
  },
  {
    "point": {
      "x": 344.5,
      "y": 288.5
    },
    "width": 2,
    "height": 2,
    "area": 4
  },
  {
    "point": {
      "x": 419.5,
      "y": 293.5
    },
    "width": 2,
    "height": 2,
    "area": 4
  },
  {
    "point": {
      "x": 173.5,
      "y": 348.5
    },
    "width": 2,
    "height": 2,
    "area": 4
  },
  {
    "point": {
      "x": 232.5,
      "y": 348.5
    },
    "width": 2,
    "height": 2,
    "area": 4
  },
  {
    "point": {
      "x": 295.5,
      "y": 354.5
    },
    "width": 2,
    "height": 2,
    "area": 4
  },
  {
    "point": {
      "x": 348.5,
      "y": 354.5
    },
    "width": 2,
    "height": 2,
    "area": 4
  },
  {
    "point": {
      "x": 418.5,
      "y": 361.5
    },
    "width": 2,
    "height": 2,
    "area": 4
  },
  {
    "point": {
      "x": 235.5,
      "y": 416.5
    },
    "width": 2,
    "height": 2,
    "area": 4
  },
  {
    "point": {
      "x": 168.5,
      "y": 417.5
    },
    "width": 2,
    "height": 2,
    "area": 4
  },
  {
    "point": {
      "x": 295.5,
      "y": 419.5
    },
    "width": 2,
    "height": 2,
    "area": 4
  },
  {
    "point": {
      "x": 348.5,
      "y": 425.5
    },
    "width": 2,
    "height": 2,
    "area": 4
  },
  {
    "point": {
      "x": 421.5,
      "y": 430.5
    },
    "width": 2,
    "height": 2,
    "area": 4
  }
]
